d:\учёба\3 курс\1 семестр (вариант 3)\псп\лабораторные работы\lab_03\clientu\clientu\debug\clientu.pch
d:\учёба\3 курс\1 семестр (вариант 3)\псп\лабораторные работы\lab_03\clientu\clientu\debug\stdafx.obj
d:\учёба\3 курс\1 семестр (вариант 3)\псп\лабораторные работы\lab_03\clientu\clientu\debug\vc100.pdb
d:\учёба\3 курс\1 семестр (вариант 3)\псп\лабораторные работы\lab_03\clientu\clientu\debug\clientu.obj
d:\учёба\3 курс\1 семестр (вариант 3)\псп\лабораторные работы\lab_03\clientu\clientu\debug\clientu.exe.embed.manifest.res
c:\users\asus\onedrive\рабочий стол\ris_1\clientu\clientu\debug\clientu.pch
c:\users\asus\onedrive\рабочий стол\ris_1\clientu\clientu\debug\vc143.pdb
c:\users\asus\onedrive\рабочий стол\ris_1\clientu\clientu\debug\vc143.idb
c:\users\asus\onedrive\рабочий стол\ris_1\clientu\clientu\debug\stdafx.obj
c:\users\asus\onedrive\рабочий стол\ris_1\clientu\clientu\debug\clientu.obj
c:\users\asus\onedrive\рабочий стол\ris_1\clientu\clientu\debug\clientu.ilk
c:\users\asus\onedrive\рабочий стол\ris_1\clientu\clientu\debug\cl.command.1.tlog
c:\users\asus\onedrive\рабочий стол\ris_1\clientu\clientu\debug\cl.read.1.tlog
c:\users\asus\onedrive\рабочий стол\ris_1\clientu\clientu\debug\cl.write.1.tlog
c:\users\asus\onedrive\рабочий стол\ris_1\clientu\clientu\debug\clientu.write.1.tlog
c:\users\asus\onedrive\рабочий стол\ris_1\clientu\clientu\debug\link.command.1.tlog
c:\users\asus\onedrive\рабочий стол\ris_1\clientu\clientu\debug\link.read.1.tlog
c:\users\asus\onedrive\рабочий стол\ris_1\clientu\clientu\debug\link.write.1.tlog
c:\users\asus\onedrive\рабочий стол\ris_1\clientu\clientu\debug\rc.command.1.tlog
c:\users\asus\onedrive\рабочий стол\ris_1\clientu\clientu\debug\rc.read.1.tlog
c:\users\asus\onedrive\рабочий стол\ris_1\clientu\clientu\debug\rc.write.1.tlog
c:\users\asus\onedrive\рабочий стол\ris_1\clientu\clientu\debug\clientu.exe.embed.manifest
c:\users\asus\onedrive\рабочий стол\ris_1\clientu\clientu\debug\clientu.exe.embed.manifest.res
c:\users\asus\onedrive\рабочий стол\ris_1\clientu\clientu\debug\vc100.idb
c:\users\asus\onedrive\рабочий стол\ris_1\clientu\clientu\debug\vc120.idb
c:\users\asus\onedrive\рабочий стол\ris_1\clientu\clientu\debug\vc140.idb
c:\users\asus\onedrive\рабочий стол\ris_1\clientu\clientu\debug\vc141.idb
c:\users\asus\onedrive\рабочий стол\ris_1\clientu\clientu\debug\vc142.idb
c:\users\asus\onedrive\рабочий стол\ris_1\clientu\clientu\debug\vc142.pdb
c:\users\asus\onedrive\рабочий стол\ris_1\clientu\clientu\debug\clientu_manifest.rc
c:\users\asus\onedrive\рабочий стол\ris_1\clientu\debug\clientu.pdb
c:\users\asus\onedrive\рабочий стол\ris_1\clientu\debug\clientu.exe
c:\users\asus\onedrive\рабочий стол\ris_1\clientu\debug\clientu.ilk
c:\users\asus\onedrive\рабочий стол\ris_1\clientu\clientu\debug\clientu.tlog\cl.command.1.tlog
c:\users\asus\onedrive\рабочий стол\ris_1\clientu\clientu\debug\clientu.tlog\cl.items.tlog
c:\users\asus\onedrive\рабочий стол\ris_1\clientu\clientu\debug\clientu.tlog\cl.read.1.tlog
c:\users\asus\onedrive\рабочий стол\ris_1\clientu\clientu\debug\clientu.tlog\cl.write.1.tlog
c:\users\asus\onedrive\рабочий стол\ris_1\clientu\clientu\debug\clientu.tlog\link.command.1.tlog
c:\users\asus\onedrive\рабочий стол\ris_1\clientu\clientu\debug\clientu.tlog\link.read.1.tlog
c:\users\asus\onedrive\рабочий стол\ris_1\clientu\clientu\debug\clientu.tlog\link.write.1.tlog
